// Jest Snapshot v1, https://goo.gl/fbAQLP

exports[`Header renders correctly 1`] = `
<header>
  <div>
    <h1
      style={
        Object {
          "margin": 0,
        }
      }
    >
      <a
        href="/"
      >
        Default Starter
      </a>
    </h1>
  </div>
</header>
`;
